#-----------------------------------------------------------
# Vivado v2025.2 (64-bit)
# SW Build 6299465 on Fri Nov 14 12:34:56 MST 2025
# IP Build 6300035 on Fri Nov 14 10:48:45 MST 2025
# SharedData Build 6298862 on Thu Nov 13 04:50:51 MST 2025
# Start of session at: Sun Jun  7 12:25:51 2026
# Process ID         : 92675
# Current directory  : /home/mbrennan/Desktop/chiseltest
# Command line       : vivado
# Log file           : /home/mbrennan/Desktop/chiseltest/vivado.log
# Journal file       : /home/mbrennan/Desktop/chiseltest/vivado.jou
# Running On         : mbrennan-ThinkPad-T14s-Gen-4
# Platform           : Ubuntu
# Operating System   : Ubuntu 24.04.4 LTS
# Processor Detail   : AMD Ryzen 5 PRO 7540U w/ Radeon 740M Graphics
# CPU Frequency      : 2697.307 MHz
# CPU Physical cores : 6
# CPU Logical cores  : 12
# Host memory        : 15333 MB
# Swap memory        : 4294 MB
# Total Virtual      : 19628 MB
# Available Virtual  : 10848 MB
#-----------------------------------------------------------
start_gui
open_project /home/mbrennan/Desktop/MyFirstFPGAProject/MyFirstFPGAProject.xpr
update_compile_order -fileset sources_1
reset_run synth_1
launch_runs synth_1 -jobs 6
wait_on_run synth_1
open_run synth_1 -name synth_1
close_design
update_compile_order -fileset sources_1
reset_run synth_1
launch_runs synth_1 -jobs 6
wait_on_run synth_1
open_run synth_1 -name synth_1
close_design
# Disabling source management mode.  This is to allow the top design properties to be set without GUI intervention.
set_property source_mgmt_mode None [current_project]
set_property top DebugTest [current_fileset]
# Re-enabling previously disabled source management mode.
set_property source_mgmt_mode All [current_project]
update_compile_order -fileset sources_1
reset_run synth_1
launch_runs synth_1 -jobs 6
wait_on_run synth_1
open_run synth_1 -name synth_1
launch_runs impl_1 -jobs 6
wait_on_run impl_1
launch_runs impl_1 -to_step write_bitstream -jobs 6
wait_on_run impl_1
open_hw_manager
connect_hw_server -allow_non_jtag
open_hw_target
set_property PROGRAM.FILE {/home/mbrennan/Desktop/MyFirstFPGAProject/MyFirstFPGAProject.runs/impl_1/DebugTest.bit} [get_hw_devices xc7a35t_0]
current_hw_device [get_hw_devices xc7a35t_0]
refresh_hw_device -update_hw_probes false [lindex [get_hw_devices xc7a35t_0] 0]
set_property PROBES.FILE {} [get_hw_devices xc7a35t_0]
set_property FULL_PROBES.FILE {} [get_hw_devices xc7a35t_0]
set_property PROGRAM.FILE {/home/mbrennan/Desktop/MyFirstFPGAProject/MyFirstFPGAProject.runs/impl_1/DebugTest.bit} [get_hw_devices xc7a35t_0]
program_hw_devices [get_hw_devices xc7a35t_0]
refresh_hw_device [lindex [get_hw_devices xc7a35t_0] 0]
set_property PROBES.FILE {} [get_hw_devices xc7a35t_0]
set_property FULL_PROBES.FILE {} [get_hw_devices xc7a35t_0]
set_property PROGRAM.FILE {/home/mbrennan/Desktop/MyFirstFPGAProject/MyFirstFPGAProject.runs/impl_1/DebugTest.bit} [get_hw_devices xc7a35t_0]
program_hw_devices [get_hw_devices xc7a35t_0]
refresh_hw_device [lindex [get_hw_devices xc7a35t_0] 0]
close_design
open_run impl_1
close_design
close_hw_manager
reset_run synth_1
launch_runs synth_1 -jobs 6
wait_on_run synth_1
open_run synth_1 -name synth_1
show_objects -name NET_ONLY [get_nets -hierarchical -top_net_of_hierarchical_group "*" ]
create_debug_core u_ila_0 ila
set_property C_DATA_DEPTH 1024 [get_debug_cores u_ila_0]
set_property C_TRIGIN_EN false [get_debug_cores u_ila_0]
set_property C_TRIGOUT_EN false [get_debug_cores u_ila_0]
set_property C_ADV_TRIGGER false [get_debug_cores u_ila_0]
set_property C_INPUT_PIPE_STAGES 0 [get_debug_cores u_ila_0]
set_property C_EN_STRG_QUAL false [get_debug_cores u_ila_0]
set_property ALL_PROBE_SAME_MU true [get_debug_cores u_ila_0]
set_property ALL_PROBE_SAME_MU_CNT 1 [get_debug_cores u_ila_0]
connect_debug_port u_ila_0/clk [get_nets [list clock_IBUF_BUFG ]]
set_property port_width 1 [get_debug_ports u_ila_0/probe0]
set_property PROBE_TYPE DATA_AND_TRIGGER [get_debug_ports u_ila_0/probe0]
connect_debug_port u_ila_0/probe0 [get_nets [list io_rx_IBUF ]]
save_constraints
launch_runs impl_1 -jobs 6
wait_on_run impl_1
launch_runs impl_1 -to_step write_bitstream -jobs 6
wait_on_run impl_1
open_hw_manager
connect_hw_server -allow_non_jtag
open_hw_target
set_property PROGRAM.FILE {/home/mbrennan/Desktop/MyFirstFPGAProject/MyFirstFPGAProject.runs/impl_1/DebugTest.bit} [get_hw_devices xc7a35t_0]
set_property PROBES.FILE {/home/mbrennan/Desktop/MyFirstFPGAProject/MyFirstFPGAProject.runs/impl_1/DebugTest.ltx} [get_hw_devices xc7a35t_0]
set_property FULL_PROBES.FILE {/home/mbrennan/Desktop/MyFirstFPGAProject/MyFirstFPGAProject.runs/impl_1/DebugTest.ltx} [get_hw_devices xc7a35t_0]
current_hw_device [get_hw_devices xc7a35t_0]
refresh_hw_device [lindex [get_hw_devices xc7a35t_0] 0]
set_property PROBES.FILE {/home/mbrennan/Desktop/MyFirstFPGAProject/MyFirstFPGAProject.runs/impl_1/DebugTest.ltx} [get_hw_devices xc7a35t_0]
set_property FULL_PROBES.FILE {/home/mbrennan/Desktop/MyFirstFPGAProject/MyFirstFPGAProject.runs/impl_1/DebugTest.ltx} [get_hw_devices xc7a35t_0]
set_property PROGRAM.FILE {/home/mbrennan/Desktop/MyFirstFPGAProject/MyFirstFPGAProject.runs/impl_1/DebugTest.bit} [get_hw_devices xc7a35t_0]
program_hw_devices [get_hw_devices xc7a35t_0]
refresh_hw_device [lindex [get_hw_devices xc7a35t_0] 0]
display_hw_ila_data [ get_hw_ila_data hw_ila_data_1 -of_objects [get_hw_ilas -of_objects [get_hw_devices xc7a35t_0] -filter {CELL_NAME=~"u_ila_0"}]]
run_hw_ila [get_hw_ilas -of_objects [get_hw_devices xc7a35t_0] -filter {CELL_NAME=~"u_ila_0"}]
wait_on_hw_ila [get_hw_ilas -of_objects [get_hw_devices xc7a35t_0] -filter {CELL_NAME=~"u_ila_0"}]
display_hw_ila_data [upload_hw_ila_data [get_hw_ilas -of_objects [get_hw_devices xc7a35t_0] -filter {CELL_NAME=~"u_ila_0"}]]
add_wave -into {hw_ila_data_1.wcfg} -radix hex { {io_rx_IBUF} }
reset_run synth_1
launch_runs impl_1 -jobs 6
wait_on_run impl_1
save_wave_config {/home/mbrennan/Desktop/MyFirstFPGAProject/MyFirstFPGAProject.hw/hw_1/wave/hw_ila_data_1/hw_ila_data_1.wcfg}
close_hw_manager
launch_runs impl_1 -to_step write_bitstream -jobs 6
wait_on_run impl_1
open_hw_manager
connect_hw_server -allow_non_jtag
open_hw_target
set_property PROGRAM.FILE {/home/mbrennan/Desktop/MyFirstFPGAProject/MyFirstFPGAProject.runs/impl_1/DebugTest.bit} [get_hw_devices xc7a35t_0]
set_property PROBES.FILE {/home/mbrennan/Desktop/MyFirstFPGAProject/MyFirstFPGAProject.runs/impl_1/DebugTest.ltx} [get_hw_devices xc7a35t_0]
set_property FULL_PROBES.FILE {/home/mbrennan/Desktop/MyFirstFPGAProject/MyFirstFPGAProject.runs/impl_1/DebugTest.ltx} [get_hw_devices xc7a35t_0]
current_hw_device [get_hw_devices xc7a35t_0]
refresh_hw_device [lindex [get_hw_devices xc7a35t_0] 0]
display_hw_ila_data [ get_hw_ila_data hw_ila_data_1 -of_objects [get_hw_ilas -of_objects [get_hw_devices xc7a35t_0] -filter {CELL_NAME=~"u_ila_0"}]]
